{"level":"info","message":"========================================","timestamp":"2026-06-21T14:43:32.910Z"}
{"level":"info","message":"  SERVIDOR MAQUETE INDUSTRIAL","timestamp":"2026-06-21T14:43:32.912Z"}
{"level":"info","message":"  Porta: 3000","timestamp":"2026-06-21T14:43:32.913Z"}
{"level":"info","message":"========================================","timestamp":"2026-06-21T14:43:32.913Z"}
{"level":"info","message":"========================================","timestamp":"2026-06-22T02:23:37.010Z"}
{"level":"info","message":"  SERVIDOR MAQUETE INDUSTRIAL","timestamp":"2026-06-22T02:23:37.012Z"}
{"level":"info","message":"  Porta: 3000","timestamp":"2026-06-22T02:23:37.012Z"}
{"level":"info","message":"========================================","timestamp":"2026-06-22T02:23:37.012Z"}
{"level":"info","message":"========================================","timestamp":"2026-06-22T22:50:06.908Z"}
{"level":"info","message":"  SERVIDOR MAQUETE INDUSTRIAL","timestamp":"2026-06-22T22:50:06.915Z"}
{"level":"info","message":"  Porta: 3000","timestamp":"2026-06-22T22:50:06.915Z"}
{"level":"info","message":"========================================","timestamp":"2026-06-22T22:50:06.916Z"}
{"level":"info","message":"========================================","timestamp":"2026-06-22T23:02:15.506Z"}
{"level":"info","message":"  SERVIDOR MAQUETE INDUSTRIAL","timestamp":"2026-06-22T23:02:15.508Z"}
{"level":"info","message":"  Porta: 3000","timestamp":"2026-06-22T23:02:15.508Z"}
{"level":"info","message":"========================================","timestamp":"2026-06-22T23:02:15.508Z"}
{"level":"info","message":"========================================","timestamp":"2026-06-22T23:29:47.005Z"}
{"level":"info","message":"  SERVIDOR MAQUETE INDUSTRIAL","timestamp":"2026-06-22T23:29:47.006Z"}
{"level":"info","message":"  Porta: 3000","timestamp":"2026-06-22T23:29:47.007Z"}
{"level":"info","message":"========================================","timestamp":"2026-06-22T23:29:47.007Z"}
{"level":"info","message":"========================================","timestamp":"2026-06-22T23:39:13.611Z"}
{"level":"info","message":"  SERVIDOR MAQUETE INDUSTRIAL","timestamp":"2026-06-22T23:39:13.613Z"}
{"level":"info","message":"  Porta: 3000","timestamp":"2026-06-22T23:39:13.613Z"}
{"level":"info","message":"========================================","timestamp":"2026-06-22T23:39:13.613Z"}
{"level":"info","message":"========================================","timestamp":"2026-06-22T23:39:21.242Z"}
{"level":"info","message":"  SERVIDOR MAQUETE INDUSTRIAL","timestamp":"2026-06-22T23:39:21.244Z"}
{"level":"info","message":"  Porta: 3000","timestamp":"2026-06-22T23:39:21.245Z"}
{"level":"info","message":"========================================","timestamp":"2026-06-22T23:39:21.245Z"}
{"level":"info","message":"PostgreSQL conectado","timestamp":"2026-06-22T23:39:21.401Z"}
{"level":"info","message":"Redis conectado","timestamp":"2026-06-22T23:39:21.404Z"}
{"level":"info","message":"========================================","timestamp":"2026-06-22T23:59:05.108Z"}
{"level":"info","message":"  SERVIDOR MAQUETE INDUSTRIAL","timestamp":"2026-06-22T23:59:05.110Z"}
{"level":"info","message":"  Porta: 4000","timestamp":"2026-06-22T23:59:05.111Z"}
{"level":"info","message":"========================================","timestamp":"2026-06-22T23:59:05.111Z"}
{"level":"info","message":"PostgreSQL conectado","timestamp":"2026-06-22T23:59:05.264Z"}
{"level":"info","message":"Redis conectado","timestamp":"2026-06-22T23:59:05.267Z"}
{"level":"info","message":"========================================","timestamp":"2026-06-23T00:12:45.246Z"}
{"level":"info","message":"  SERVIDOR MAQUETE INDUSTRIAL","timestamp":"2026-06-23T00:12:45.248Z"}
{"level":"info","message":"  Porta: 4000","timestamp":"2026-06-23T00:12:45.248Z"}
{"level":"info","message":"========================================","timestamp":"2026-06-23T00:12:45.248Z"}
{"level":"info","message":"PostgreSQL conectado","timestamp":"2026-06-23T00:12:45.390Z"}
{"level":"info","message":"Redis conectado","timestamp":"2026-06-23T00:12:45.393Z"}
{"level":"info","message":"========================================","timestamp":"2026-06-23T00:15:18.961Z"}
{"level":"info","message":"  SERVIDOR MAQUETE INDUSTRIAL","timestamp":"2026-06-23T00:15:18.963Z"}
{"level":"info","message":"  Porta: 4000","timestamp":"2026-06-23T00:15:18.963Z"}
{"level":"info","message":"========================================","timestamp":"2026-06-23T00:15:18.963Z"}
{"level":"info","message":"PostgreSQL conectado","timestamp":"2026-06-23T00:15:19.108Z"}
{"level":"info","message":"Redis conectado","timestamp":"2026-06-23T00:15:19.109Z"}
{"level":"info","message":"========================================","timestamp":"2026-06-23T00:35:16.005Z"}
{"level":"info","message":"  SERVIDOR MAQUETE INDUSTRIAL","timestamp":"2026-06-23T00:35:16.007Z"}
{"level":"info","message":"  Porta: 4000","timestamp":"2026-06-23T00:35:16.007Z"}
{"level":"info","message":"========================================","timestamp":"2026-06-23T00:35:16.007Z"}
{"level":"info","message":"PostgreSQL conectado","timestamp":"2026-06-23T00:35:16.173Z"}
{"level":"info","message":"Redis conectado","timestamp":"2026-06-23T00:35:16.175Z"}
{"level":"info","message":"Cliente conectado: 1977ZpfVfk58foppAAAB","timestamp":"2026-06-23T00:36:21.453Z"}
{"level":"info","message":"Dashboard autenticado: admin","timestamp":"2026-06-23T00:36:21.472Z"}
{"level":"info","message":"Cliente desconectado: 1977ZpfVfk58foppAAAB","timestamp":"2026-06-23T00:37:25.543Z"}
{"level":"info","message":"Cliente conectado: HjGWWJrafCS8s-BFAAAD","timestamp":"2026-06-23T00:37:32.756Z"}
{"level":"info","message":"Dashboard autenticado: admin","timestamp":"2026-06-23T00:37:32.781Z"}
{"level":"info","message":"Cliente desconectado: HjGWWJrafCS8s-BFAAAD","timestamp":"2026-06-23T00:47:49.328Z"}
{"level":"info","message":"Cliente conectado: VFPLZEyVFFA8kYmwAAAF","timestamp":"2026-06-23T00:47:49.386Z"}
{"level":"info","message":"Dashboard autenticado: admin","timestamp":"2026-06-23T00:47:49.420Z"}
{"level":"info","message":"Cliente desconectado: VFPLZEyVFFA8kYmwAAAF","timestamp":"2026-06-23T00:51:05.276Z"}
{"level":"info","message":"Cliente conectado: CjSFRtX5cPPDCxy1AAAH","timestamp":"2026-06-23T00:51:05.294Z"}
{"level":"info","message":"Dashboard autenticado: admin","timestamp":"2026-06-23T00:51:05.309Z"}
{"level":"info","message":"Cliente desconectado: CjSFRtX5cPPDCxy1AAAH","timestamp":"2026-06-23T00:51:22.272Z"}
{"level":"info","message":"Cliente conectado: YyjLZmEp2A5R6feCAAAJ","timestamp":"2026-06-23T00:51:22.292Z"}
{"level":"info","message":"Dashboard autenticado: admin","timestamp":"2026-06-23T00:51:22.306Z"}
{"level":"info","message":"Cliente desconectado: YyjLZmEp2A5R6feCAAAJ","timestamp":"2026-06-23T00:51:48.266Z"}
{"level":"info","message":"Cliente conectado: amjSVbtuyQrxERJvAAAL","timestamp":"2026-06-23T00:51:48.284Z"}
{"level":"info","message":"Dashboard autenticado: admin","timestamp":"2026-06-23T00:51:48.295Z"}
{"level":"info","message":"Cliente desconectado: amjSVbtuyQrxERJvAAAL","timestamp":"2026-06-23T00:52:13.275Z"}
{"level":"info","message":"Cliente conectado: sN1WqYVDFDL30khUAAAN","timestamp":"2026-06-23T00:52:13.301Z"}
{"level":"info","message":"Dashboard autenticado: admin","timestamp":"2026-06-23T00:52:13.318Z"}
{"level":"info","message":"========================================","timestamp":"2026-06-23T00:53:47.901Z"}
{"level":"info","message":"  SERVIDOR MAQUETE INDUSTRIAL","timestamp":"2026-06-23T00:53:47.903Z"}
{"level":"info","message":"  Porta: 4000","timestamp":"2026-06-23T00:53:47.903Z"}
{"level":"info","message":"========================================","timestamp":"2026-06-23T00:53:47.903Z"}
{"level":"info","message":"PostgreSQL conectado","timestamp":"2026-06-23T00:53:48.043Z"}
{"level":"info","message":"Redis conectado","timestamp":"2026-06-23T00:53:48.045Z"}
{"level":"info","message":"Cliente conectado: fbl40QYg-So0Afm2AAAB","timestamp":"2026-06-23T00:53:51.271Z"}
{"level":"info","message":"Dashboard autenticado: admin","timestamp":"2026-06-23T00:53:51.292Z"}
{"level":"info","message":"Cliente desconectado: fbl40QYg-So0Afm2AAAB","timestamp":"2026-06-23T00:53:58.640Z"}
{"level":"info","message":"Cliente conectado: DPD1ee8VfYqX5cwWAAAD","timestamp":"2026-06-23T00:54:17.945Z"}
{"level":"info","message":"Dashboard autenticado: admin","timestamp":"2026-06-23T00:54:17.969Z"}
{"level":"info","message":"Cliente desconectado: DPD1ee8VfYqX5cwWAAAD","timestamp":"2026-06-23T00:56:05.033Z"}
{"level":"info","message":"Cliente conectado: Pgk7N9c7Wd5qLAPrAAAF","timestamp":"2026-06-23T00:56:05.339Z"}
{"level":"info","message":"Dashboard autenticado: admin","timestamp":"2026-06-23T00:56:05.368Z"}
{"level":"info","message":"========================================","timestamp":"2026-06-23T11:11:13.432Z"}
{"level":"info","message":"  SERVIDOR MAQUETE INDUSTRIAL","timestamp":"2026-06-23T11:11:13.433Z"}
{"level":"info","message":"  Porta: 4000","timestamp":"2026-06-23T11:11:13.434Z"}
{"level":"info","message":"========================================","timestamp":"2026-06-23T11:11:13.434Z"}
{"level":"info","message":"PostgreSQL conectado","timestamp":"2026-06-23T11:11:13.610Z"}
{"level":"error","message":"Erro verificando timeouts: relation \"truck_commands\" does not exist","timestamp":"2026-06-23T11:11:18.461Z"}
{"level":"error","message":"Erro verificando timeouts: relation \"truck_commands\" does not exist","timestamp":"2026-06-23T11:11:23.602Z"}
{"level":"error","message":"Erro verificando timeouts: relation \"truck_commands\" does not exist","timestamp":"2026-06-23T11:11:28.573Z"}
{"level":"error","message":"Erro verificando timeouts: relation \"truck_commands\" does not exist","timestamp":"2026-06-23T11:11:33.552Z"}
{"level":"error","message":"Erro verificando timeouts: relation \"truck_commands\" does not exist","timestamp":"2026-06-23T11:11:38.560Z"}
{"level":"info","message":"========================================","timestamp":"2026-06-23T14:53:41.128Z"}
{"level":"info","message":"  SERVIDOR MAQUETE INDUSTRIAL","timestamp":"2026-06-23T14:53:41.131Z"}
{"level":"info","message":"  Porta: 4000","timestamp":"2026-06-23T14:53:41.131Z"}
{"level":"info","message":"========================================","timestamp":"2026-06-23T14:53:41.132Z"}
{"level":"info","message":"PostgreSQL conectado","timestamp":"2026-06-23T14:53:41.431Z"}
{"level":"error","message":"Erro verificando timeouts: relation \"truck_commands\" does not exist","timestamp":"2026-06-23T14:53:46.166Z"}
{"level":"info","message":"========================================","timestamp":"2026-06-23T14:53:58.754Z"}
{"level":"info","message":"  SERVIDOR MAQUETE INDUSTRIAL","timestamp":"2026-06-23T14:53:58.757Z"}
{"level":"info","message":"  Porta: 4000","timestamp":"2026-06-23T14:53:58.757Z"}
{"level":"info","message":"========================================","timestamp":"2026-06-23T14:53:58.758Z"}
{"level":"info","message":"PostgreSQL conectado","timestamp":"2026-06-23T14:53:58.993Z"}
{"level":"error","message":"Erro verificando timeouts: relation \"truck_commands\" does not exist","timestamp":"2026-06-23T14:54:03.763Z"}
{"level":"info","message":"========================================","timestamp":"2026-06-23T14:58:38.961Z"}
{"level":"info","message":"  SERVIDOR MAQUETE INDUSTRIAL","timestamp":"2026-06-23T14:58:38.964Z"}
{"level":"info","message":"  Porta: 4000","timestamp":"2026-06-23T14:58:38.965Z"}
{"level":"info","message":"========================================","timestamp":"2026-06-23T14:58:38.965Z"}
{"level":"info","message":"PostgreSQL conectado","timestamp":"2026-06-23T14:58:39.198Z"}
{"level":"error","message":"Erro verificando timeouts: relation \"truck_commands\" does not exist","timestamp":"2026-06-23T14:58:43.978Z"}
{"level":"error","message":"Erro verificando timeouts: relation \"truck_commands\" does not exist","timestamp":"2026-06-23T14:58:49.167Z"}
{"level":"error","message":"Erro verificando timeouts: relation \"truck_commands\" does not exist","timestamp":"2026-06-23T14:58:54.280Z"}
{"level":"info","message":"========================================","timestamp":"2026-06-23T15:32:12.567Z"}
{"level":"info","message":"  SERVIDOR MAQUETE INDUSTRIAL","timestamp":"2026-06-23T15:32:12.569Z"}
{"level":"info","message":"  Porta: 4000","timestamp":"2026-06-23T15:32:12.570Z"}
{"level":"info","message":"========================================","timestamp":"2026-06-23T15:32:12.570Z"}
{"level":"info","message":"PostgreSQL conectado","timestamp":"2026-06-23T15:32:12.831Z"}
{"level":"error","message":"Erro verificando timeouts: relation \"truck_commands\" does not exist","timestamp":"2026-06-23T15:32:17.578Z"}
{"level":"error","message":"Erro verificando timeouts: relation \"truck_commands\" does not exist","timestamp":"2026-06-23T15:32:22.872Z"}
{"level":"error","message":"Erro verificando timeouts: relation \"truck_commands\" does not exist","timestamp":"2026-06-23T15:32:27.852Z"}
{"level":"error","message":"Erro verificando timeouts: relation \"truck_commands\" does not exist","timestamp":"2026-06-23T15:32:32.826Z"}
{"level":"error","message":"Erro verificando timeouts: relation \"truck_commands\" does not exist","timestamp":"2026-06-23T15:32:37.780Z"}
{"level":"error","message":"Erro verificando timeouts: relation \"truck_commands\" does not exist","timestamp":"2026-06-23T15:32:42.779Z"}
{"level":"error","message":"Erro verificando timeouts: relation \"truck_commands\" does not exist","timestamp":"2026-06-23T15:32:47.786Z"}
{"level":"error","message":"Erro verificando timeouts: relation \"truck_commands\" does not exist","timestamp":"2026-06-23T15:32:52.870Z"}
{"level":"info","message":"========================================","timestamp":"2026-06-23T15:39:26.504Z"}
{"level":"info","message":"  SERVIDOR MAQUETE INDUSTRIAL","timestamp":"2026-06-23T15:39:26.514Z"}
{"level":"info","message":"  Porta: 4000","timestamp":"2026-06-23T15:39:26.516Z"}
{"level":"info","message":"========================================","timestamp":"2026-06-23T15:39:26.517Z"}
{"level":"info","message":"PostgreSQL conectado","timestamp":"2026-06-23T15:39:26.969Z"}
{"level":"info","message":"Redis conectado","timestamp":"2026-06-23T15:39:26.976Z"}
{"level":"error","message":"Erro verificando timeouts: relation \"truck_commands\" does not exist","timestamp":"2026-06-23T15:39:31.515Z"}
{"level":"error","message":"Erro verificando timeouts: relation \"truck_commands\" does not exist","timestamp":"2026-06-23T15:39:36.805Z"}
{"level":"error","message":"Erro verificando timeouts: relation \"truck_commands\" does not exist","timestamp":"2026-06-23T15:39:41.817Z"}
{"level":"error","message":"Erro verificando timeouts: relation \"truck_commands\" does not exist","timestamp":"2026-06-23T15:39:46.707Z"}
{"level":"error","message":"Erro verificando timeouts: relation \"truck_commands\" does not exist","timestamp":"2026-06-23T15:39:51.791Z"}
{"level":"error","message":"Erro verificando timeouts: relation \"truck_commands\" does not exist","timestamp":"2026-06-23T15:39:56.716Z"}
{"level":"error","message":"Erro verificando timeouts: relation \"truck_commands\" does not exist","timestamp":"2026-06-23T15:40:01.733Z"}
{"level":"error","message":"Erro verificando timeouts: relation \"truck_commands\" does not exist","timestamp":"2026-06-23T15:40:06.720Z"}
{"level":"error","message":"Erro verificando timeouts: relation \"truck_commands\" does not exist","timestamp":"2026-06-23T15:40:11.757Z"}
{"level":"error","message":"Erro verificando timeouts: relation \"truck_commands\" does not exist","timestamp":"2026-06-23T15:40:16.720Z"}
{"level":"error","message":"Erro verificando timeouts: relation \"truck_commands\" does not exist","timestamp":"2026-06-23T15:40:21.740Z"}
{"level":"error","message":"Erro verificando timeouts: relation \"truck_commands\" does not exist","timestamp":"2026-06-23T15:40:26.720Z"}
{"level":"error","message":"Erro verificando timeouts: relation \"truck_commands\" does not exist","timestamp":"2026-06-23T15:40:31.724Z"}
{"level":"error","message":"Erro verificando timeouts: relation \"truck_commands\" does not exist","timestamp":"2026-06-23T15:40:36.682Z"}
{"level":"error","message":"Erro verificando timeouts: relation \"truck_commands\" does not exist","timestamp":"2026-06-23T15:40:41.750Z"}
{"level":"error","message":"Erro verificando timeouts: relation \"truck_commands\" does not exist","timestamp":"2026-06-23T15:40:46.730Z"}
{"level":"error","message":"Erro verificando timeouts: relation \"truck_commands\" does not exist","timestamp":"2026-06-23T15:40:51.729Z"}
{"level":"error","message":"Erro verificando timeouts: relation \"truck_commands\" does not exist","timestamp":"2026-06-23T15:40:56.732Z"}
{"level":"error","message":"Erro verificando timeouts: relation \"truck_commands\" does not exist","timestamp":"2026-06-23T15:41:01.739Z"}
{"level":"error","message":"Erro verificando timeouts: relation \"truck_commands\" does not exist","timestamp":"2026-06-23T15:41:06.723Z"}
{"level":"error","message":"Erro verificando timeouts: relation \"truck_commands\" does not exist","timestamp":"2026-06-23T15:41:11.714Z"}
{"level":"error","message":"Erro verificando timeouts: relation \"truck_commands\" does not exist","timestamp":"2026-06-23T15:41:16.723Z"}
{"level":"error","message":"Erro verificando timeouts: relation \"truck_commands\" does not exist","timestamp":"2026-06-23T15:41:21.721Z"}
{"level":"error","message":"Erro verificando timeouts: relation \"truck_commands\" does not exist","timestamp":"2026-06-23T15:41:26.722Z"}
{"level":"error","message":"Erro verificando timeouts: relation \"truck_commands\" does not exist","timestamp":"2026-06-23T15:41:31.751Z"}
{"level":"error","message":"Erro verificando timeouts: relation \"truck_commands\" does not exist","timestamp":"2026-06-23T15:41:36.718Z"}
{"level":"error","message":"Erro verificando timeouts: relation \"truck_commands\" does not exist","timestamp":"2026-06-23T15:41:41.718Z"}
{"level":"error","message":"Erro verificando timeouts: relation \"truck_commands\" does not exist","timestamp":"2026-06-23T15:41:46.777Z"}
{"level":"error","message":"Erro verificando timeouts: relation \"truck_commands\" does not exist","timestamp":"2026-06-23T15:41:51.743Z"}
{"level":"error","message":"Erro verificando timeouts: relation \"truck_commands\" does not exist","timestamp":"2026-06-23T15:41:56.680Z"}
{"level":"error","message":"Erro verificando timeouts: relation \"truck_commands\" does not exist","timestamp":"2026-06-23T15:42:01.779Z"}
{"level":"info","message":"========================================","timestamp":"2026-06-23T15:44:37.390Z"}
{"level":"info","message":"  SERVIDOR MAQUETE INDUSTRIAL","timestamp":"2026-06-23T15:44:37.393Z"}
{"level":"info","message":"  Porta: 4000","timestamp":"2026-06-23T15:44:37.393Z"}
{"level":"info","message":"========================================","timestamp":"2026-06-23T15:44:37.394Z"}
{"level":"info","message":"PostgreSQL conectado","timestamp":"2026-06-23T15:44:37.692Z"}
{"level":"info","message":"Redis conectado","timestamp":"2026-06-23T15:44:37.698Z"}
{"level":"error","message":"Erro verificando timeouts: relation \"truck_commands\" does not exist","timestamp":"2026-06-23T15:44:42.392Z"}
{"level":"error","message":"Erro verificando timeouts: relation \"truck_commands\" does not exist","timestamp":"2026-06-23T15:44:47.589Z"}
{"level":"error","message":"Erro verificando timeouts: relation \"truck_commands\" does not exist","timestamp":"2026-06-23T15:44:52.566Z"}
{"level":"error","message":"Erro verificando timeouts: relation \"truck_commands\" does not exist","timestamp":"2026-06-23T15:44:57.580Z"}
{"level":"error","message":"Erro verificando timeouts: relation \"truck_commands\" does not exist","timestamp":"2026-06-23T15:45:02.772Z"}
{"level":"error","message":"Erro verificando timeouts: relation \"truck_commands\" does not exist","timestamp":"2026-06-23T15:45:07.756Z"}
{"level":"error","message":"Erro verificando timeouts: relation \"truck_commands\" does not exist","timestamp":"2026-06-23T15:45:12.605Z"}
{"level":"error","message":"Erro verificando timeouts: relation \"truck_commands\" does not exist","timestamp":"2026-06-23T15:45:17.591Z"}
{"level":"info","message":"POST /api/auth/login","timestamp":"2026-06-23T15:45:18.089Z"}
{"level":"info","message":"Socket conectado: O9jRpDpKD4UeOY88AAAB","timestamp":"2026-06-23T15:45:18.682Z"}
{"level":"info","message":"Cliente conectado: O9jRpDpKD4UeOY88AAAB","timestamp":"2026-06-23T15:45:18.683Z"}
{"level":"info","message":"Autenticação Socket: O9jRpDpKD4UeOY88AAAB","timestamp":"2026-06-23T15:45:18.711Z"}
{"level":"info","message":"Dashboard autenticado: admin","timestamp":"2026-06-23T15:45:18.722Z"}
{"level":"error","message":"Erro verificando timeouts: relation \"truck_commands\" does not exist","timestamp":"2026-06-23T15:45:22.414Z"}
{"level":"error","message":"Erro verificando timeouts: relation \"truck_commands\" does not exist","timestamp":"2026-06-23T15:45:27.645Z"}
{"level":"error","message":"Erro verificando timeouts: relation \"truck_commands\" does not exist","timestamp":"2026-06-23T15:45:32.630Z"}
{"level":"error","message":"Erro verificando timeouts: relation \"truck_commands\" does not exist","timestamp":"2026-06-23T15:45:37.669Z"}
{"level":"error","message":"Erro verificando timeouts: relation \"truck_commands\" does not exist","timestamp":"2026-06-23T15:45:42.613Z"}
{"level":"error","message":"Erro verificando timeouts: relation \"truck_commands\" does not exist","timestamp":"2026-06-23T15:45:47.592Z"}
{"level":"error","message":"Erro verificando timeouts: relation \"truck_commands\" does not exist","timestamp":"2026-06-23T15:45:52.590Z"}
{"level":"error","message":"Erro verificando timeouts: relation \"truck_commands\" does not exist","timestamp":"2026-06-23T15:45:57.613Z"}
{"level":"error","message":"Erro verificando timeouts: relation \"truck_commands\" does not exist","timestamp":"2026-06-23T15:46:02.601Z"}
{"level":"error","message":"Erro verificando timeouts: relation \"truck_commands\" does not exist","timestamp":"2026-06-23T15:46:07.864Z"}
{"level":"error","message":"Erro verificando timeouts: relation \"truck_commands\" does not exist","timestamp":"2026-06-23T15:46:12.636Z"}
{"level":"error","message":"Erro verificando timeouts: relation \"truck_commands\" does not exist","timestamp":"2026-06-23T15:46:17.627Z"}
{"level":"error","message":"Erro verificando timeouts: relation \"truck_commands\" does not exist","timestamp":"2026-06-23T15:46:22.653Z"}
{"level":"error","message":"Erro verificando timeouts: relation \"truck_commands\" does not exist","timestamp":"2026-06-23T15:46:27.614Z"}
{"level":"error","message":"Erro verificando timeouts: relation \"truck_commands\" does not exist","timestamp":"2026-06-23T15:46:32.609Z"}
{"level":"error","message":"Erro verificando timeouts: relation \"truck_commands\" does not exist","timestamp":"2026-06-23T15:46:37.617Z"}
{"level":"error","message":"Erro verificando timeouts: relation \"truck_commands\" does not exist","timestamp":"2026-06-23T15:46:42.649Z"}
{"level":"error","message":"Erro verificando timeouts: relation \"truck_commands\" does not exist","timestamp":"2026-06-23T15:46:47.724Z"}
{"level":"error","message":"Erro verificando timeouts: relation \"truck_commands\" does not exist","timestamp":"2026-06-23T15:46:52.621Z"}
{"level":"error","message":"Erro verificando timeouts: relation \"truck_commands\" does not exist","timestamp":"2026-06-23T15:46:57.633Z"}
{"level":"error","message":"Erro verificando timeouts: relation \"truck_commands\" does not exist","timestamp":"2026-06-23T15:47:02.601Z"}
{"level":"error","message":"Erro verificando timeouts: relation \"truck_commands\" does not exist","timestamp":"2026-06-23T15:47:07.595Z"}
{"level":"error","message":"Erro verificando timeouts: relation \"truck_commands\" does not exist","timestamp":"2026-06-23T15:47:12.619Z"}
{"level":"error","message":"Erro verificando timeouts: relation \"truck_commands\" does not exist","timestamp":"2026-06-23T15:47:17.604Z"}
{"level":"error","message":"Erro verificando timeouts: relation \"truck_commands\" does not exist","timestamp":"2026-06-23T15:47:22.629Z"}
{"level":"error","message":"Erro verificando timeouts: relation \"truck_commands\" does not exist","timestamp":"2026-06-23T15:47:27.683Z"}
{"level":"error","message":"Erro verificando timeouts: relation \"truck_commands\" does not exist","timestamp":"2026-06-23T15:47:32.588Z"}
{"level":"error","message":"Erro verificando timeouts: relation \"truck_commands\" does not exist","timestamp":"2026-06-23T15:47:37.599Z"}
{"level":"error","message":"Erro verificando timeouts: relation \"truck_commands\" does not exist","timestamp":"2026-06-23T15:47:42.623Z"}
{"level":"error","message":"Erro verificando timeouts: relation \"truck_commands\" does not exist","timestamp":"2026-06-23T15:47:47.630Z"}
{"level":"error","message":"Erro verificando timeouts: relation \"truck_commands\" does not exist","timestamp":"2026-06-23T15:47:52.608Z"}
{"level":"error","message":"Erro verificando timeouts: relation \"truck_commands\" does not exist","timestamp":"2026-06-23T15:47:57.752Z"}
{"level":"error","message":"Erro verificando timeouts: relation \"truck_commands\" does not exist","timestamp":"2026-06-23T15:48:02.619Z"}
{"level":"error","message":"Erro verificando timeouts: relation \"truck_commands\" does not exist","timestamp":"2026-06-23T15:48:07.618Z"}
{"level":"error","message":"Erro verificando timeouts: relation \"truck_commands\" does not exist","timestamp":"2026-06-23T15:48:12.615Z"}
{"level":"error","message":"Erro verificando timeouts: relation \"truck_commands\" does not exist","timestamp":"2026-06-23T15:48:17.623Z"}
{"level":"error","message":"Erro verificando timeouts: relation \"truck_commands\" does not exist","timestamp":"2026-06-23T15:48:22.642Z"}
{"level":"error","message":"Erro verificando timeouts: relation \"truck_commands\" does not exist","timestamp":"2026-06-23T15:48:27.644Z"}
{"level":"error","message":"Erro verificando timeouts: relation \"truck_commands\" does not exist","timestamp":"2026-06-23T15:48:32.646Z"}
{"level":"error","message":"Erro verificando timeouts: relation \"truck_commands\" does not exist","timestamp":"2026-06-23T15:48:37.629Z"}
{"level":"error","message":"Erro verificando timeouts: relation \"truck_commands\" does not exist","timestamp":"2026-06-23T15:48:42.605Z"}
{"level":"error","message":"Erro verificando timeouts: relation \"truck_commands\" does not exist","timestamp":"2026-06-23T15:48:47.627Z"}
{"level":"error","message":"Erro verificando timeouts: relation \"truck_commands\" does not exist","timestamp":"2026-06-23T15:48:52.604Z"}
{"level":"error","message":"Erro verificando timeouts: relation \"truck_commands\" does not exist","timestamp":"2026-06-23T15:48:57.630Z"}
{"level":"error","message":"Erro verificando timeouts: relation \"truck_commands\" does not exist","timestamp":"2026-06-23T15:49:02.602Z"}
{"level":"error","message":"Erro verificando timeouts: relation \"truck_commands\" does not exist","timestamp":"2026-06-23T15:49:07.622Z"}
{"level":"error","message":"Erro verificando timeouts: relation \"truck_commands\" does not exist","timestamp":"2026-06-23T15:49:12.619Z"}
{"level":"error","message":"Erro verificando timeouts: relation \"truck_commands\" does not exist","timestamp":"2026-06-23T15:49:17.617Z"}
{"level":"error","message":"Erro verificando timeouts: relation \"truck_commands\" does not exist","timestamp":"2026-06-23T15:49:22.631Z"}
{"level":"error","message":"Erro verificando timeouts: relation \"truck_commands\" does not exist","timestamp":"2026-06-23T15:49:27.618Z"}
{"level":"error","message":"Erro verificando timeouts: relation \"truck_commands\" does not exist","timestamp":"2026-06-23T15:49:32.610Z"}
{"level":"error","message":"Erro verificando timeouts: relation \"truck_commands\" does not exist","timestamp":"2026-06-23T15:49:37.629Z"}
{"level":"error","message":"Erro verificando timeouts: relation \"truck_commands\" does not exist","timestamp":"2026-06-23T15:49:42.621Z"}
{"level":"error","message":"Erro verificando timeouts: relation \"truck_commands\" does not exist","timestamp":"2026-06-23T15:49:47.712Z"}
{"level":"error","message":"Erro verificando timeouts: relation \"truck_commands\" does not exist","timestamp":"2026-06-23T15:49:52.644Z"}
{"level":"error","message":"Erro verificando timeouts: relation \"truck_commands\" does not exist","timestamp":"2026-06-23T15:49:57.627Z"}
{"level":"error","message":"Erro verificando timeouts: relation \"truck_commands\" does not exist","timestamp":"2026-06-23T15:50:02.646Z"}
{"level":"error","message":"Erro verificando timeouts: relation \"truck_commands\" does not exist","timestamp":"2026-06-23T15:50:07.642Z"}
{"level":"error","message":"Erro verificando timeouts: relation \"truck_commands\" does not exist","timestamp":"2026-06-23T15:50:12.617Z"}
{"level":"error","message":"Erro verificando timeouts: relation \"truck_commands\" does not exist","timestamp":"2026-06-23T15:50:17.631Z"}
{"level":"error","message":"Erro verificando timeouts: relation \"truck_commands\" does not exist","timestamp":"2026-06-23T15:50:22.666Z"}
{"level":"error","message":"Erro verificando timeouts: relation \"truck_commands\" does not exist","timestamp":"2026-06-23T15:50:27.654Z"}
{"level":"error","message":"Erro verificando timeouts: relation \"truck_commands\" does not exist","timestamp":"2026-06-23T15:50:32.609Z"}
{"level":"error","message":"Erro verificando timeouts: relation \"truck_commands\" does not exist","timestamp":"2026-06-23T15:50:37.653Z"}
{"level":"error","message":"Erro verificando timeouts: relation \"truck_commands\" does not exist","timestamp":"2026-06-23T15:50:42.623Z"}
{"level":"error","message":"Erro verificando timeouts: relation \"truck_commands\" does not exist","timestamp":"2026-06-23T15:50:47.699Z"}
{"level":"error","message":"Erro verificando timeouts: relation \"truck_commands\" does not exist","timestamp":"2026-06-23T15:50:52.652Z"}
{"level":"error","message":"Erro verificando timeouts: relation \"truck_commands\" does not exist","timestamp":"2026-06-23T15:50:57.759Z"}
{"level":"error","message":"Erro verificando timeouts: relation \"truck_commands\" does not exist","timestamp":"2026-06-23T15:51:02.632Z"}
{"level":"error","message":"Erro verificando timeouts: relation \"truck_commands\" does not exist","timestamp":"2026-06-23T15:51:07.654Z"}
{"level":"error","message":"Erro verificando timeouts: relation \"truck_commands\" does not exist","timestamp":"2026-06-23T15:51:12.647Z"}
{"level":"error","message":"Erro verificando timeouts: relation \"truck_commands\" does not exist","timestamp":"2026-06-23T15:51:17.645Z"}
{"level":"error","message":"Erro verificando timeouts: relation \"truck_commands\" does not exist","timestamp":"2026-06-23T15:51:22.632Z"}
{"level":"error","message":"Erro verificando timeouts: relation \"truck_commands\" does not exist","timestamp":"2026-06-23T15:51:27.616Z"}
{"level":"error","message":"Erro verificando timeouts: relation \"truck_commands\" does not exist","timestamp":"2026-06-23T15:51:32.632Z"}
{"level":"error","message":"Erro verificando timeouts: relation \"truck_commands\" does not exist","timestamp":"2026-06-23T15:51:37.668Z"}
{"level":"error","message":"Erro verificando timeouts: relation \"truck_commands\" does not exist","timestamp":"2026-06-23T15:51:42.787Z"}
{"level":"error","message":"Erro verificando timeouts: relation \"truck_commands\" does not exist","timestamp":"2026-06-23T15:51:47.626Z"}
{"level":"error","message":"Erro verificando timeouts: relation \"truck_commands\" does not exist","timestamp":"2026-06-23T15:51:52.652Z"}
{"level":"error","message":"Erro verificando timeouts: relation \"truck_commands\" does not exist","timestamp":"2026-06-23T15:51:57.734Z"}
{"level":"error","message":"Erro verificando timeouts: relation \"truck_commands\" does not exist","timestamp":"2026-06-23T15:52:02.638Z"}
{"level":"error","message":"Erro verificando timeouts: relation \"truck_commands\" does not exist","timestamp":"2026-06-23T15:52:07.759Z"}
{"level":"error","message":"Erro verificando timeouts: relation \"truck_commands\" does not exist","timestamp":"2026-06-23T15:52:12.637Z"}
{"level":"error","message":"Erro verificando timeouts: relation \"truck_commands\" does not exist","timestamp":"2026-06-23T15:52:17.635Z"}
{"level":"error","message":"Erro verificando timeouts: relation \"truck_commands\" does not exist","timestamp":"2026-06-23T15:52:22.634Z"}
{"level":"error","message":"Erro verificando timeouts: relation \"truck_commands\" does not exist","timestamp":"2026-06-23T15:52:27.633Z"}
{"level":"error","message":"Erro verificando timeouts: relation \"truck_commands\" does not exist","timestamp":"2026-06-23T15:52:32.617Z"}
{"level":"error","message":"Erro verificando timeouts: relation \"truck_commands\" does not exist","timestamp":"2026-06-23T15:52:37.641Z"}
{"level":"error","message":"Erro verificando timeouts: relation \"truck_commands\" does not exist","timestamp":"2026-06-23T15:52:42.629Z"}
{"level":"error","message":"Erro verificando timeouts: relation \"truck_commands\" does not exist","timestamp":"2026-06-23T15:52:47.635Z"}
{"level":"error","message":"Erro verificando timeouts: relation \"truck_commands\" does not exist","timestamp":"2026-06-23T15:52:52.640Z"}
{"level":"error","message":"Erro verificando timeouts: relation \"truck_commands\" does not exist","timestamp":"2026-06-23T15:52:57.638Z"}
{"level":"error","message":"Erro verificando timeouts: relation \"truck_commands\" does not exist","timestamp":"2026-06-23T15:53:02.632Z"}
{"level":"error","message":"Erro verificando timeouts: relation \"truck_commands\" does not exist","timestamp":"2026-06-23T15:53:07.664Z"}
{"level":"error","message":"Erro verificando timeouts: relation \"truck_commands\" does not exist","timestamp":"2026-06-23T15:53:12.628Z"}
{"level":"error","message":"Erro verificando timeouts: relation \"truck_commands\" does not exist","timestamp":"2026-06-23T15:53:17.610Z"}
{"level":"error","message":"Erro verificando timeouts: relation \"truck_commands\" does not exist","timestamp":"2026-06-23T15:53:22.640Z"}
{"level":"error","message":"Erro verificando timeouts: relation \"truck_commands\" does not exist","timestamp":"2026-06-23T15:53:27.630Z"}
{"level":"error","message":"Erro verificando timeouts: relation \"truck_commands\" does not exist","timestamp":"2026-06-23T15:53:32.628Z"}
{"level":"error","message":"Erro verificando timeouts: relation \"truck_commands\" does not exist","timestamp":"2026-06-23T15:53:37.633Z"}
{"level":"error","message":"Erro verificando timeouts: relation \"truck_commands\" does not exist","timestamp":"2026-06-23T15:53:42.645Z"}
{"level":"error","message":"Erro verificando timeouts: relation \"truck_commands\" does not exist","timestamp":"2026-06-23T15:53:47.648Z"}
{"level":"error","message":"Erro verificando timeouts: relation \"truck_commands\" does not exist","timestamp":"2026-06-23T15:53:52.636Z"}
{"level":"error","message":"Erro verificando timeouts: relation \"truck_commands\" does not exist","timestamp":"2026-06-23T15:53:57.637Z"}
{"level":"error","message":"Erro verificando timeouts: relation \"truck_commands\" does not exist","timestamp":"2026-06-23T15:54:02.634Z"}
{"level":"error","message":"Erro verificando timeouts: relation \"truck_commands\" does not exist","timestamp":"2026-06-23T15:54:07.619Z"}
{"level":"error","message":"Erro verificando timeouts: relation \"truck_commands\" does not exist","timestamp":"2026-06-23T15:54:12.662Z"}
{"level":"error","message":"Erro verificando timeouts: relation \"truck_commands\" does not exist","timestamp":"2026-06-23T15:54:17.672Z"}
{"level":"error","message":"Erro verificando timeouts: relation \"truck_commands\" does not exist","timestamp":"2026-06-23T15:54:22.638Z"}
{"level":"error","message":"Erro verificando timeouts: relation \"truck_commands\" does not exist","timestamp":"2026-06-23T15:54:27.642Z"}
{"level":"error","message":"Erro verificando timeouts: relation \"truck_commands\" does not exist","timestamp":"2026-06-23T15:54:32.659Z"}
{"level":"error","message":"Erro verificando timeouts: relation \"truck_commands\" does not exist","timestamp":"2026-06-23T15:54:37.686Z"}
{"level":"error","message":"Erro verificando timeouts: relation \"truck_commands\" does not exist","timestamp":"2026-06-23T15:54:42.644Z"}
{"level":"error","message":"Erro verificando timeouts: relation \"truck_commands\" does not exist","timestamp":"2026-06-23T15:54:47.640Z"}
{"level":"error","message":"Erro verificando timeouts: relation \"truck_commands\" does not exist","timestamp":"2026-06-23T15:54:52.634Z"}
{"level":"error","message":"Erro verificando timeouts: relation \"truck_commands\" does not exist","timestamp":"2026-06-23T15:54:57.644Z"}
{"level":"error","message":"Erro verificando timeouts: relation \"truck_commands\" does not exist","timestamp":"2026-06-23T15:55:02.667Z"}
{"level":"error","message":"Erro verificando timeouts: relation \"truck_commands\" does not exist","timestamp":"2026-06-23T15:55:07.638Z"}
{"level":"error","message":"Erro verificando timeouts: relation \"truck_commands\" does not exist","timestamp":"2026-06-23T15:55:12.636Z"}
{"level":"error","message":"Erro verificando timeouts: relation \"truck_commands\" does not exist","timestamp":"2026-06-23T15:55:17.666Z"}
{"level":"error","message":"Erro verificando timeouts: relation \"truck_commands\" does not exist","timestamp":"2026-06-23T15:55:22.735Z"}
{"level":"error","message":"Erro verificando timeouts: relation \"truck_commands\" does not exist","timestamp":"2026-06-23T15:55:27.741Z"}
{"level":"error","message":"Erro verificando timeouts: relation \"truck_commands\" does not exist","timestamp":"2026-06-23T15:55:32.660Z"}
{"level":"error","message":"Erro verificando timeouts: relation \"truck_commands\" does not exist","timestamp":"2026-06-23T15:55:37.639Z"}
{"level":"error","message":"Erro verificando timeouts: relation \"truck_commands\" does not exist","timestamp":"2026-06-23T15:55:42.634Z"}
{"level":"error","message":"Erro verificando timeouts: relation \"truck_commands\" does not exist","timestamp":"2026-06-23T15:55:47.644Z"}
{"level":"error","message":"Erro verificando timeouts: relation \"truck_commands\" does not exist","timestamp":"2026-06-23T15:55:52.753Z"}
{"level":"error","message":"Erro verificando timeouts: relation \"truck_commands\" does not exist","timestamp":"2026-06-23T15:55:57.661Z"}
{"level":"error","message":"Erro verificando timeouts: relation \"truck_commands\" does not exist","timestamp":"2026-06-23T15:56:02.653Z"}
{"level":"error","message":"Erro verificando timeouts: relation \"truck_commands\" does not exist","timestamp":"2026-06-23T15:56:07.638Z"}
{"level":"error","message":"Erro verificando timeouts: relation \"truck_commands\" does not exist","timestamp":"2026-06-23T15:56:12.686Z"}
{"level":"error","message":"Erro verificando timeouts: relation \"truck_commands\" does not exist","timestamp":"2026-06-23T15:56:17.658Z"}
{"level":"error","message":"Erro verificando timeouts: relation \"truck_commands\" does not exist","timestamp":"2026-06-23T15:56:22.658Z"}
{"level":"error","message":"Erro verificando timeouts: relation \"truck_commands\" does not exist","timestamp":"2026-06-23T15:56:27.664Z"}
{"level":"error","message":"Erro verificando timeouts: relation \"truck_commands\" does not exist","timestamp":"2026-06-23T15:56:32.662Z"}
{"level":"error","message":"Erro verificando timeouts: relation \"truck_commands\" does not exist","timestamp":"2026-06-23T15:56:37.649Z"}
{"level":"error","message":"Erro verificando timeouts: relation \"truck_commands\" does not exist","timestamp":"2026-06-23T15:56:42.671Z"}
{"level":"error","message":"Erro verificando timeouts: relation \"truck_commands\" does not exist","timestamp":"2026-06-23T15:56:47.662Z"}
{"level":"error","message":"Erro verificando timeouts: relation \"truck_commands\" does not exist","timestamp":"2026-06-23T15:56:52.651Z"}
{"level":"error","message":"Erro verificando timeouts: relation \"truck_commands\" does not exist","timestamp":"2026-06-23T15:56:57.657Z"}
{"level":"error","message":"Erro verificando timeouts: relation \"truck_commands\" does not exist","timestamp":"2026-06-23T15:57:02.673Z"}
{"level":"error","message":"Erro verificando timeouts: relation \"truck_commands\" does not exist","timestamp":"2026-06-23T15:57:07.644Z"}
{"level":"error","message":"Erro verificando timeouts: relation \"truck_commands\" does not exist","timestamp":"2026-06-23T15:57:12.660Z"}
{"level":"error","message":"Erro verificando timeouts: relation \"truck_commands\" does not exist","timestamp":"2026-06-23T15:57:17.645Z"}
{"level":"error","message":"Erro verificando timeouts: relation \"truck_commands\" does not exist","timestamp":"2026-06-23T15:57:22.664Z"}
{"level":"error","message":"Erro verificando timeouts: relation \"truck_commands\" does not exist","timestamp":"2026-06-23T15:57:27.670Z"}
{"level":"error","message":"Erro verificando timeouts: relation \"truck_commands\" does not exist","timestamp":"2026-06-23T15:57:32.646Z"}
{"level":"error","message":"Erro verificando timeouts: relation \"truck_commands\" does not exist","timestamp":"2026-06-23T15:57:37.665Z"}
{"level":"error","message":"Erro verificando timeouts: relation \"truck_commands\" does not exist","timestamp":"2026-06-23T15:57:42.658Z"}
{"level":"error","message":"Erro verificando timeouts: relation \"truck_commands\" does not exist","timestamp":"2026-06-23T15:57:47.669Z"}
{"level":"error","message":"Erro verificando timeouts: relation \"truck_commands\" does not exist","timestamp":"2026-06-23T15:57:52.663Z"}
{"level":"error","message":"Erro verificando timeouts: relation \"truck_commands\" does not exist","timestamp":"2026-06-23T15:57:57.684Z"}
{"level":"error","message":"Erro verificando timeouts: relation \"truck_commands\" does not exist","timestamp":"2026-06-23T15:58:02.665Z"}
{"level":"error","message":"Erro verificando timeouts: relation \"truck_commands\" does not exist","timestamp":"2026-06-23T15:58:07.694Z"}
{"level":"error","message":"Erro verificando timeouts: relation \"truck_commands\" does not exist","timestamp":"2026-06-23T15:58:12.675Z"}
{"level":"error","message":"Erro verificando timeouts: relation \"truck_commands\" does not exist","timestamp":"2026-06-23T15:58:17.686Z"}
{"level":"error","message":"Erro verificando timeouts: relation \"truck_commands\" does not exist","timestamp":"2026-06-23T15:58:22.682Z"}
{"level":"error","message":"Erro verificando timeouts: relation \"truck_commands\" does not exist","timestamp":"2026-06-23T15:58:27.680Z"}
{"level":"error","message":"Erro verificando timeouts: relation \"truck_commands\" does not exist","timestamp":"2026-06-23T15:58:32.662Z"}
{"level":"error","message":"Erro verificando timeouts: relation \"truck_commands\" does not exist","timestamp":"2026-06-23T15:58:37.706Z"}
{"level":"error","message":"Erro verificando timeouts: relation \"truck_commands\" does not exist","timestamp":"2026-06-23T15:58:42.653Z"}
{"level":"error","message":"Erro verificando timeouts: relation \"truck_commands\" does not exist","timestamp":"2026-06-23T15:58:47.667Z"}
{"level":"error","message":"Erro verificando timeouts: relation \"truck_commands\" does not exist","timestamp":"2026-06-23T15:58:52.827Z"}
{"level":"info","message":"Socket desconectado: O9jRpDpKD4UeOY88AAAB","timestamp":"2026-06-23T15:58:56.139Z"}
{"level":"info","message":"Cliente desconectado: O9jRpDpKD4UeOY88AAAB","timestamp":"2026-06-23T15:58:56.142Z"}
{"level":"error","message":"Erro verificando timeouts: relation \"truck_commands\" does not exist","timestamp":"2026-06-23T15:59:43.016Z"}
{"level":"info","message":"Socket conectado: p6SsmQEfA9KvV5mEAAAD","timestamp":"2026-06-23T15:59:43.455Z"}
{"level":"info","message":"Cliente conectado: p6SsmQEfA9KvV5mEAAAD","timestamp":"2026-06-23T15:59:43.456Z"}
{"level":"info","message":"Autenticação Socket: p6SsmQEfA9KvV5mEAAAD","timestamp":"2026-06-23T15:59:43.470Z"}
{"level":"info","message":"Dashboard autenticado: admin","timestamp":"2026-06-23T15:59:43.484Z"}
{"level":"error","message":"Erro verificando timeouts: relation \"truck_commands\" does not exist","timestamp":"2026-06-23T15:59:47.604Z"}
{"level":"error","message":"Erro verificando timeouts: relation \"truck_commands\" does not exist","timestamp":"2026-06-23T15:59:52.592Z"}
{"level":"error","message":"Erro verificando timeouts: relation \"truck_commands\" does not exist","timestamp":"2026-06-23T15:59:57.584Z"}
{"level":"error","message":"Erro verificando timeouts: relation \"truck_commands\" does not exist","timestamp":"2026-06-23T16:00:02.829Z"}
{"level":"error","message":"Erro verificando timeouts: relation \"truck_commands\" does not exist","timestamp":"2026-06-23T16:00:07.611Z"}
{"level":"error","message":"Erro verificando timeouts: relation \"truck_commands\" does not exist","timestamp":"2026-06-23T16:00:12.629Z"}
{"level":"error","message":"Erro verificando timeouts: relation \"truck_commands\" does not exist","timestamp":"2026-06-23T16:00:17.572Z"}
{"level":"info","message":"========================================","timestamp":"2026-06-23T16:07:12.647Z"}
{"level":"info","message":"  SERVIDOR MAQUETE INDUSTRIAL","timestamp":"2026-06-23T16:07:12.650Z"}
{"level":"info","message":"  Porta: 4000","timestamp":"2026-06-23T16:07:12.651Z"}
{"level":"info","message":"========================================","timestamp":"2026-06-23T16:07:12.651Z"}
{"level":"info","message":"PostgreSQL conectado","timestamp":"2026-06-23T16:07:12.891Z"}
{"level":"info","message":"Redis conectado","timestamp":"2026-06-23T16:07:12.893Z"}
{"level":"info","message":"Socket conectado: CZQvTK50Cwh8RinCAAAB","timestamp":"2026-06-23T16:07:17.778Z"}
{"level":"info","message":"Cliente conectado: CZQvTK50Cwh8RinCAAAB","timestamp":"2026-06-23T16:07:17.779Z"}
{"level":"info","message":"Autenticação Socket: CZQvTK50Cwh8RinCAAAB","timestamp":"2026-06-23T16:07:17.791Z"}
{"level":"info","message":"Dashboard autenticado: admin","timestamp":"2026-06-23T16:07:17.800Z"}
{"level":"info","message":"Socket conectado: N03G0FRSRicnlGwbAAAD","timestamp":"2026-06-23T16:08:43.897Z"}
{"level":"info","message":"Cliente conectado: N03G0FRSRicnlGwbAAAD","timestamp":"2026-06-23T16:08:43.898Z"}
{"level":"info","message":"Autenticação Socket: N03G0FRSRicnlGwbAAAD","timestamp":"2026-06-23T16:08:43.922Z"}
{"level":"info","message":"Dashboard autenticado: admin","timestamp":"2026-06-23T16:08:43.932Z"}
{"level":"info","message":"========================================","timestamp":"2026-06-23T16:36:45.929Z"}
{"level":"info","message":"  SERVIDOR MAQUETE INDUSTRIAL","timestamp":"2026-06-23T16:36:45.931Z"}
{"level":"info","message":"  Porta: 4000","timestamp":"2026-06-23T16:36:45.931Z"}
{"level":"info","message":"========================================","timestamp":"2026-06-23T16:36:45.932Z"}
{"level":"info","message":"PostgreSQL conectado","timestamp":"2026-06-23T16:36:46.070Z"}
{"level":"info","message":"Redis conectado","timestamp":"2026-06-23T16:36:46.072Z"}
{"level":"info","message":"GET /api/ferrovia/status","timestamp":"2026-06-23T16:37:14.311Z"}
{"level":"info","message":"GET /api/trucks","timestamp":"2026-06-23T16:37:22.968Z"}
{"level":"info","message":"========================================","timestamp":"2026-06-23T16:52:41.602Z"}
{"level":"info","message":"  SERVIDOR MAQUETE INDUSTRIAL","timestamp":"2026-06-23T16:52:41.609Z"}
{"level":"info","message":"  Porta: 4000","timestamp":"2026-06-23T16:52:41.611Z"}
{"level":"info","message":"========================================","timestamp":"2026-06-23T16:52:41.612Z"}
{"level":"info","message":"PostgreSQL conectado","timestamp":"2026-06-23T16:52:41.811Z"}
{"level":"info","message":"Redis conectado","timestamp":"2026-06-23T16:52:41.814Z"}
{"level":"info","message":"GET /api/ferrovia/status","timestamp":"2026-06-23T16:53:20.486Z"}
{"level":"info","message":"GET /favicon.ico","timestamp":"2026-06-23T16:53:20.646Z"}
{"level":"info","message":"GET /api/health","timestamp":"2026-06-23T16:54:24.845Z"}
